// Jest Snapshot v1, https://goo.gl/fbAQLP

exports[`App snapshot should create a snapshot 1`] = `undefined`;
