// Jest Snapshot v1, https://goo.gl/fbAQLP

exports[`Login snapshot should create a snapshot 1`] = `undefined`;
