// Jest Snapshot v1, https://goo.gl/fbAQLP

exports[`Navbar class component snapshot should create a snapshot 1`] = `undefined`;
